// Jest Snapshot v1, https://goo.gl/fbAQLP

exports[`matches snap 1`] = `
<DocumentFragment>
  <div
    class="BoxList"
  >
    <div
      class="NewBoxForm"
    >
      <form>
        <div
          class="NewBoxFormInput"
        >
          <label
            for="height"
          >
            Height: 
          </label>
          <input
            id="height"
            name="height"
            type="text"
            value=""
          />
        </div>
        <div
          class="NewBoxFormInput"
        >
          <label
            for="width"
          >
            Width: 
          </label>
          <input
            id="width"
            name="width"
            type="text"
            value=""
          />
        </div>
        <div
          class="NewBoxFormInput"
        >
          <label
            for="backgroundColor"
          >
            Background Color: 
          </label>
          <input
            id="backgroundColor"
            name="backgroundColor"
            type="text"
            value=""
          />
        </div>
        <button
          id="newBoxButton"
        >
          Add your Box!
        </button>
      </form>
    </div>
    <div
      class="BoxList-Box"
    />
  </div>
</DocumentFragment>
`;
